[debug] [2026-09-24T10:49:40.935Z] ----------------------------------------------------------------------
[debug] [2026-09-24T10:49:40.937Z] Command:       /home/sahil/.nvm/versions/node/v20.19.6/bin/node /home/sahil/.nvm/versions/node/v20.19.6/bin/firebase deploy --only hosting:crm
[debug] [2026-09-24T10:49:40.937Z] CLI Version:   15.12.0
[debug] [2026-09-24T10:49:40.937Z] Platform:      linux
[debug] [2026-09-24T10:49:40.938Z] Node Version:  v20.19.6
[debug] [2026-09-24T10:49:40.938Z] Time:          Thu Sep 24 2026 16:19:40 GMT+0530 (India Standard Time)
[debug] [2026-09-24T10:49:40.938Z] ----------------------------------------------------------------------
[debug] 
[debug] [2026-09-24T10:49:41.597Z] > command requires scopes: ["email","openid","https://www.googleapis.com/auth/cloudplatformprojects.readonly","https://www.googleapis.com/auth/firebase","https://www.googleapis.com/auth/cloud-platform"]
[debug] [2026-09-24T10:49:41.598Z] > authorizing via signed-in user (sneha@aimbeat.com)
[debug] [2026-09-24T10:49:41.598Z] [iam] checking project kevzaai-saas for permissions ["firebase.projects.get","firebasehosting.sites.update"]
[debug] [2026-09-24T10:49:41.599Z] Checked if tokens are valid: true, expires at: 1790248531456
[debug] [2026-09-24T10:49:41.599Z] Checked if tokens are valid: true, expires at: 1790248531456
[debug] [2026-09-24T10:49:41.600Z] >>> [apiv2][query] POST https://cloudresourcemanager.googleapis.com/v1/projects/kevzaai-saas:testIamPermissions [none]
[debug] [2026-09-24T10:49:41.600Z] >>> [apiv2][(partial)header] POST https://cloudresourcemanager.googleapis.com/v1/projects/kevzaai-saas:testIamPermissions  x-goog-user-project=kevzaai-saas
[debug] [2026-09-24T10:49:41.600Z] >>> [apiv2][body] POST https://cloudresourcemanager.googleapis.com/v1/projects/kevzaai-saas:testIamPermissions {"permissions":["firebase.projects.get","firebasehosting.sites.update"]}
[debug] [2026-09-24T10:49:43.096Z] <<< [apiv2][status] POST https://cloudresourcemanager.googleapis.com/v1/projects/kevzaai-saas:testIamPermissions 200
[debug] [2026-09-24T10:49:43.096Z] <<< [apiv2][body] POST https://cloudresourcemanager.googleapis.com/v1/projects/kevzaai-saas:testIamPermissions {"permissions":["firebase.projects.get","firebasehosting.sites.update"]}
[debug] [2026-09-24T10:49:43.097Z] Checked if tokens are valid: true, expires at: 1790248531456
[debug] [2026-09-24T10:49:43.097Z] Checked if tokens are valid: true, expires at: 1790248531456
[debug] [2026-09-24T10:49:43.098Z] >>> [apiv2][query] GET https://firebase.googleapis.com/v1beta1/projects/kevzaai-saas [none]
[debug] [2026-09-24T10:49:43.476Z] <<< [apiv2][status] GET https://firebase.googleapis.com/v1beta1/projects/kevzaai-saas 200
[debug] [2026-09-24T10:49:43.476Z] <<< [apiv2][body] GET https://firebase.googleapis.com/v1beta1/projects/kevzaai-saas {"projectId":"kevzaai-saas","projectNumber":"93566088045","displayName":"KevzaAI SaaS","name":"projects/kevzaai-saas","resources":{"hostingSite":"kevzaai-saas"},"state":"ACTIVE","labels":{"firebase":"enabled"},"etag":"1_91a227ec-f4a3-41cb-84ff-f4bd49b92e29"}
[info] 
[info] === Deploying to 'kevzaai-saas'...
[info] 
[info] i  deploying hosting 
[debug] [2026-09-24T10:49:43.480Z] Checked if tokens are valid: true, expires at: 1790248531456
[debug] [2026-09-24T10:49:43.480Z] Checked if tokens are valid: true, expires at: 1790248531456
[debug] [2026-09-24T10:49:43.480Z] >>> [apiv2][query] POST https://firebasehosting.googleapis.com/v1beta1/projects/-/sites/kevzaai-crm/versions [none]
[debug] [2026-09-24T10:49:43.480Z] >>> [apiv2][body] POST https://firebasehosting.googleapis.com/v1beta1/projects/-/sites/kevzaai-crm/versions {"status":"CREATED","labels":{"deployment-tool":"cli-firebase"}}
[debug] [2026-09-24T10:49:44.942Z] <<< [apiv2][status] POST https://firebasehosting.googleapis.com/v1beta1/projects/-/sites/kevzaai-crm/versions 200
[debug] [2026-09-24T10:49:44.943Z] <<< [apiv2][body] POST https://firebasehosting.googleapis.com/v1beta1/projects/-/sites/kevzaai-crm/versions {"name":"projects/93566088045/sites/kevzaai-crm/versions/1de96bbc70bbdd75","status":"CREATED","config":{},"labels":{"deployment-tool":"cli-firebase"}}
[info] i  hosting[kevzaai-crm]: beginning deploy... 
[info] i  hosting[kevzaai-crm]: found 123 files in dist 
[debug] [2026-09-24T10:49:44.964Z] [hosting] uploading with 200 concurrency
[debug] [2026-09-24T10:49:45.027Z] Checked if tokens are valid: true, expires at: 1790248531456
[debug] [2026-09-24T10:49:45.027Z] Checked if tokens are valid: true, expires at: 1790248531456
[debug] [2026-09-24T10:49:45.028Z] [hosting] hash cache [ZGlzdA] stored for 123 files
[debug] [2026-09-24T10:49:45.028Z] [hosting][hash queue][FINAL] {"max":49,"min":3,"avg":11.325203252032521,"active":0,"complete":123,"success":123,"errored":0,"retried":0,"total":123,"elapsed":64}
[debug] [2026-09-24T10:49:45.028Z] >>> [apiv2][query] POST https://firebasehosting.googleapis.com/v1beta1/projects/93566088045/sites/kevzaai-crm/versions/1de96bbc70bbdd75:populateFiles [none]
[debug] [2026-09-24T10:49:45.028Z] >>> [apiv2][body] POST https://firebasehosting.googleapis.com/v1beta1/projects/93566088045/sites/kevzaai-crm/versions/1de96bbc70bbdd75:populateFiles {"files":{"/workspace-usage.html":"0a118f10654f25eeb787dbee593f38dce602e54b39a88063090534bbe20ce0b7","/whatsapp-integration.html":"1e204829eb91fbc87101695a9c550ff42a0e2c277a04585ab4aaffe0c3268f56","/verify-login.html":"031bdb160d69e6b4277e67423489b684a4eb30e274e1a7c480cd96d97afcdd91","/wallet-blocked.html":"f30f290060e110e03dfc26adadef03a35dbed51c5596063515493bb80f6eeb80","/verify-session.html":"40dd4e708240ce0abf850785670a8f019cda1f841ccb9ab8ed5abd1f2e86c71d","/support-dashboard.html":"220108bf0d8d209dfb178036002df36ea19bf97e95b40ed68798aa99ee8279bc","/signup.html":"cb612a14fefc10f75418df9c36073ed6136296bd39ec9511b568bd7388625ae9","/subscription-dashboard.html":"49a423fd17419bcc7b248238da47dc1cc372205e48c4ee5e2f7dcb77b13a19a0","/reset-password.html":"8218314c9cab1ed2a44790447eaffbd9f803383bd2acf95b59a6a5505ed239ec","/security.html":"d32ad37d90e5091ad42516794083fd1b257ff7295ad4969e97febe6c073f8cc1","/ready-to-go-live.html":"432b93ddf06204eb685c86685463a9d574d380e7b9c153e28f3bf0957e1c0341","/professional-plan.html":"1d6def59aa69e5caf292a0e7ee3c895dd07697cd2a92f2e27c2cf9fe343506c5","/plan-limits.html":"6d3e09bc2bbedc1905edba177b9394bbd2c8e495c30f56e4f604cbea167eaa60","/plan-features.html":"55dbb606a4e9516141710131937ae00a077f6c8c60d94e5c500b57672f3522ff","/templates.html":"a36756d2e34230f1f08ad36c7f827ebe617ffdab56765b4ff41bd21440bce007","/overage-rules.html":"afe5f6951aeedd6b65e60d772496d3c3bf659a7b90923f4d629cd2131e7e1b71","/onboarding-in-progress.html":"ff2bce85bae07837a990817436b8d3ab2944ceabfe0f7a4a44730746032f4afc","/onboarding-in-process.html":"a225c59f533dec43cc2e1992361a72ecaa154e12166336f98ca65da7d8cb388d","/plans-and-pricing.html":"f1dd07e21587627f05e59d2012f89382197c1f58ca95532cefa2c6fe15de45c9","/onboarding-funnel.html":"da4cff4533dfacb925f4057e10293a29860dc9a0239dc06a98f8bf34351d367a","/notification-preferences.html":"791ddaf0ff7c001d908f910742044d5db3300d2419b6b9ad69184c93c68b6907","/login.html":"1e9abcd351cbd68b407d7a5a43819fcc1c7b375dd5f4b7c56a7509bb41b6aa39","/new-signups.html":"0341af83f20eec0f1e2fa25ef3167fde03bd98eeb0918e4ce4ec53d765fff129","/missing-knowledge.html":"4b2c229b9ca74e6edf5a9381b347af6a84eb5b1b6b0c20eac7a9d771620cf999","/messaging-dashboard.html":"c9f1ef159585b6cede6114e296873a7d7428049874d59f9d68db257c80890507","/login-history.html":"98b17195690c51d80aa2883c4102fb92199c6eab4cdb7058667117c2ebe73f0a","/live-operations-center.html":"903863db66495de4430adae85336d022ca306a4f0515929bac265f8fea3f92c4","/forgot-password.html":"57368b008115c3d06310f4afa76923262abd7d5491701f3859bd13eb23642b8a","/infrastructure-health.html":"eb7bd8a490c302b6b4dc4d6b445f2ea646fdbc0d08a1027b355f3791b3c70520","/customer-onboarding-activation.html":"2f3397cd085aa606b32b5595a84c43f19cac70c227151afe37e4d0e7d9e8c919","/customer-dashboard.html":"db91f8378d111035b9a355cf80124696704794c2b15231faa5648beeff99a802","/index.html":"5c72ef0cdc9bf0e5cc24c097e0fb56d901a3b8e39fa13de3f9233383de887336","/compliance-dashboard.html":"abab8fd42362cd95e1f15c066446bcf7e08f79d344ec6d07aa8c75f639a748e6","/cost-margin-dashboard.html":"150ef941718091e0f2e18ad1b6a33f8fe9177d49aaff5f97f105109d05fe0933","/contact-limits.html":"a0fe5a4f60f2512f86fcdb5d99b29f250fa1bbb9b46ab6a04822ef3107f7acbb","/channel-operations-dashboard.html":"0d0d57edf1b11091ec0da0fa5bf0bd5a6e36f9402f0592ac5104edad1bf11d5d","/customer-activation-queue.html":"e7e73e1844f4f0daf3c83a68ffe616715af99fd8983f5b2a6478358c6ab39c2c","/change-password.html":"33f067086f01c38ad2d45fbb8ca8865758b59e0698544ce56ef1f2e094a78697","/channel-entitlements.html":"28e712c1fce215c284d1d44b0bf4cba93c4cc40b376005981aa3225884e410f5","/campaign-operations-dashboard.html":"c59c54a1d423c0f8a40842bc4df72f98e1d6a47b4b69e6acbddb16566fb402bc","/awaiting-whatsapp-connection.html":"5ac59b20e7bb19975290e5a73aa5e7833c2abcb67d458fd91c04497adefc5a0e","/awaiting-template-approval.html":"9fcc43c680279ceac556248ab70be7278fe7f3109e2ca08202620a97eaa98637","/auth-callback.html":"fc51e14ae8b7adff232f6021bee43e7a9b026e157af1325ceeb03528868e733c","/automation-operations-dashboard.html":"aab8841c696da8063ae32b3bf2251d740015bded53bd27de32ec05be80cc0efa","/automation-limits.html":"47af3f0e9703b93f3880a608113833ecf1fbcc06c1a5b790e95e3fbf9a88992a","/api-limits.html":"0ac06fb5972c523508d45b7baee36569848871b213fdfad2089af01b76f6cbef","/all-plans.html":"b7fa55980f36fe3e7cae095b8aa949a61de074986250b5dae7142df0782ae394","/ai-operations-dashboard.html":"171df6a5b1e96cf295efea073eaa2d317f2d4098840465b417ac93bd47eafad5","/all-customers.html":"8a4f38676bfffc7da4731acfffc8166342dc294bf52f7977ea10502a18cc3ffc","/subscription-analytics.html":"96936256b139de1ec0c417396acfe8c6bcb63494c455e1c0998b14af528f9e2f","/admin-login.html":"eb84855bb86c9e8abb6b11b3d9ac43fbb99d1975dc69418459b113d31a0ece92","/active-sessions.html":"67e08bbbd707040e7f501bd6403048cbb1de54be8f866676f2e10a43b3f57fe4","/ai-entitlements.html":"637a533529dfe2823092fda76fb641de6bfed129c1a421486043e6f0bc362e19","/activated-customers.html":"adce2439b52c8c2e10682f99826482dd31b13174c2445d6ddf8a360c0afb2ceb","/assets/whatsappIntegration-Da8S_O5T.css":"1db80cbaea19a1d7b36105eab020b26a07739eebb00d30dd0898848c734575f5","/activation-blocked.html":"6358085b5299ce2f1ebea5bb1975c8b6ea10442954aaeeae62cad49a3a7f8049","/assets/whatsappIntegration-AIa7snX8.js":"226e4d6baa77bd6b73bc594ca9bcd9e0ed528b22743178c3bb07b966c22ebd30","/assets/supportDashboard-OXKODVRA.js":"1af75322123da418082dcc532a2541555a0b65b6b253e0502220fe694b517a87","/assets/whatsapp-DrnHkBaT.png":"c19bc1b7428430b83ae74a821a9ef6c54024a84b10f4bc50f8c483ebd871f553","/assets/workspaceUsage-DGOA-nCL.css":"c3718bddea458a91f5e8d3d065fcaea49360c00abfbfa64bcacce5e3c26690fe","/assets/walletBlocked-BK-FL8zo.css":"b2fe35e9e4bbf1851833a2cea34b8a6949d86f250a8adaf912e9224b7c1afee6","/assets/supportDashboard-BYUUOlle.css":"9e2e6a204ba3915b5d5dd312819005ead668c76db92196f4d65a2f80e3ab3290","/assets/templates-PYFdIV7T.js":"49502b20cbfaab29a5c22eeaa9f40db773c055dec91343998de2008d4501a8ae","/assets/subscriptionDashboard-BJNwcnaH.css":"84c47292c6c4afb79ea409bac0091d107a6a86f68bbbded97719bd921abf4c93","/assets/plan-limits-BR_VKoBr.css":"55cfb4a5c1f574f45c71ce4b18261425da4f9763bf443604534f57bd4baf9b77","/assets/overageRules-DTkRV8Yd.css":"d6abb8441d93842bf7e37e7b5bafad85bc6d338e5fcf60e9ed57c80b14ba5633","/assets/readyToGoLive-gISyzawA.css":"8da3db5eca22a7138bdd926ac2d704e04d2467e5835b16bd40974da8cd93a257","/assets/professional-plan-CpKXrqyg.css":"72b33670c97de85194d247c72b061a269eafcb0aa8b1f28d32b60d8e5f899ace","/assets/plan-features-CYTmigIh.css":"af5a5f85f5dbc6d5a082e40e94c134a09b1c58c3291be669607d8397e80b21ab","/assets/onboardingFunnel-B2LfLnX6.css":"1e107eacb96bf13b354a96d2786c97ad6074d82676d0c96278b79a1feeae3de5","/assets/notificationPreferences-8NMZMZC6.css":"fc272575da4060bde96d0970fa3180bf7697eb291ef5d044b07d323451b3c34e","/assets/mySecurity-S4GC8WW0.css":"5da5aef50337a25909b4dbaf13daab82ba022596073aedb03a145f7c2f945b53","/assets/onboarding-in-progress-YVsnyuHt.css":"294705bcc492bbe27b30ea2cf502df330bfeb165631b5499cec50554069dea16","/assets/newSignups-0fHFwZhF.css":"4e0b72c5f74d2e799c9497184496c8bc1526657ab87ce7392501338f8c538545","/assets/modulepreload-polyfill-B5Qt9EMX.js":"5e0565b858a873f2df44eca61cbc993b1de3d4f709eb16d8bf9d275d3bfd869e","/assets/messagingDashboard-uR9p-Syv.js":"47c1ec3220e58b2781b45868e1ae523dad77d9c1ca958154b085d5bfb57006b2","/assets/missingKnowledge-BzsowwzC.css":"34c12e9479117194683949e13280d7f5deecc6edff2528e104e50114b787d5f6","/assets/messagingDashboard-B1n_qakT.css":"ce60509f2fff406eeadf05c3d1e93ae90eee680061868675644f3ad808f30b9e","/assets/loginHistory-g8noOLbN.css":"9aa8a57765997c95f2f48775a7af09f01744aa0a8cff5eb5ee7fa4b3350e183a","/assets/liveOperationsCenter-BZvZbKjE.js":"642cc6ad6bd5e872acfb8d8b560a94729533155c68266ae4542fde3adec2fdbf","/assets/liveOperationsCenter-JkN7HVkS.css":"bc4f0aeaf9aae4c11d5be4fd666aac9f69bff85360bbc9c2bfc3504aec36d61f","/assets/infrastructureHealth-UHebeDOx.js":"45c059e8f8e583cd8686ba2b8d314c7b9c958a26a648d030ffd444de6eef115c","/assets/infrastructureHealth-G4aC2bKI.css":"59c43b2404ca960d880359a603b81fb524a7abe7f9b32103be03facf54101e8f","/assets/templates-BXsoaEt1.css":"ffae9f2e91020c4d60de9d859c093cf9c6a3300d7067fbe84d71eb0e413edf2a","/assets/customerOnboardingActivation-Vx74SElR.css":"dbaaaed9ec892e57988907432499d034e362d7929ab28647c09ee1865e84f6ae","/assets/customerDashboard-BhGCbqa2.css":"948e5330c6f2940f8a41fb9a9cb940789f0e6e2e39666e54858fa1da5c9baaed","/assets/main-KU35X0gM.css":"018a52cd856d99fb5f1531cb2861b394b4cb8d297316fcb617df687357b99f14","/assets/customerDashboard-BHKwH5mp.js":"04e94ae73dc34b02d0dc020fedf73074d5bf54be46f359de4e35b6c372266981","/assets/costMarginDashboard-Qtf4WZI4.js":"c171caf4a6ac1e06353ba9c8f9fd6cc1faff55031550e4ef33d1eb96ea09648c","/assets/costMarginDashboard-DUYqorft.css":"b7e1d17b227e4a4cacc4096962aebe7a1fc1831b4ac028d8855eb685db1e20b1","/assets/customerActivationQueue-DallRTkD.css":"315ec959c792ad21c648e86669c883244f35000f98c9cfe05e7ea71d2035b208","/assets/complianceDashboard-CxrwA1_X.js":"c3734aa101a4d89a3acc93c6e5feb4e1e0c07236702f28e4692d27aaf89062d3","/assets/contactLimits-D596r27x.css":"ae02a638049f5039dddb4a1bd7a2b644a58176fe8d839176bcb99e24e74bb777","/assets/complianceDashboard-DPjDfD-4.css":"cd2b1963c383297628a8b5d501fdd1db785548cfb43c02670ef1f82437584dee","/assets/channelOperationsDashboard-zKNt8Cad.css":"c7f023b86512bd7956d0e3ef666701ae97c51976499ec52f65c96163b213512c","/assets/channelOperationsDashboard-PEilHthz.js":"0233f3d2a8ec34a5fe8b0cea73d55fb61ce49fa6356d20a60898b9d96366ed37","/assets/subscriptionAnalytics-CiSqX_zM.css":"5aa03fa5ddfa9cdd0829c408494074235387c6fe38968f0e7e14ba2081b01d7c","/assets/channel-entitlements-CqVQl1JE.css":"8ce25c4e2024bbe1f15a1eff404f15a2c702a838e9b0937fe48d9fe3cfcfdc44","/assets/changePassword-C_2pItv9.css":"a9ed4388ac7735c10b886c4f660011c6a45c63b1048118fa78cfc8878f0e3c24","/assets/campaignOperationsDashboard-Du7KrmOf.js":"9398030d9ac7b7ff4665caa21eed5e200f423570feb461fdf96e18017f53d8fa","/assets/campaignOperationsDashboard-CA5p8P7L.css":"f3937a5be4b37c667a3c2383c14441e468e3ac7a130e4ba2c8f70991db0ea5ba","/assets/automationLimits-Cp25DLQX.css":"a613dd8ecb384141b4fb9c8e58153f5e43ce0f24cda7dc67985567e696fab561","/assets/automationOperationsDashboard-CEOW3Qte.js":"f564f066331b3eca4538e6785674d349bc965fa5cf328a6f2407f012332a48fd","/assets/awaitingTemplateApproval-BI_VQEBX.css":"d2a2801e11473ce4ae41ba7b665b7572c56e560aec90d0096d92ad4e9ef4e5c3","/assets/automationOperationsDashboard-HihpErhN.css":"e7ae99bfc1728f8d71f7287ff89df32e2102981ac83c670a7e0e5d01666ac9e3","/assets/apiLimits-C9EmnkoI.css":"25cd6743e93c502c4140f6f55363e709da1459bf0a246046acea8845d3f7564f","/assets/awaitingWhatsappConnection-DyS32pXI.css":"8852108fe84f4a6a3b8e216de0e24163a9354fcbb9b1c6fa89989689b40e04a2","/assets/auth-BImG1Cqu.js":"54eb83ed90d93c1a6e3e94863c1e72ac0cf9a28db13f3588410dd6cde567afb7","/assets/aiOperationsDashboard-s1qbI3Ml.js":"256030f26dcfdf9ceda63075bffad672739380b05279bc6480291239cb8f58f7","/assets/aiEntitlements-DtKwhgF0.css":"99c02494d2ae027cd114b647cffed9a1fb379e7cf69b69c3f82e677b2b239a73","/assets/aiOperationsDashboard-1H8OL7jA.css":"93bac9415a212d11ef2f93e7ba61082e763d08e83447381bc4214e7462e4c1a0","/assets/allCustomers-CowkHTEG.css":"2276a6e8396a74b6b73b72c51af5d5f448612c073755a4d5c084bcd5c0e488e2","/assets/admin-components-BtHq8tcJ.css":"1b2241af9f2df77210687714bed42acef8be8bb8d9cc096698528375700fa94a","/assets/activeSessions-C8RRvpam.css":"faeda716ffacb0b18e8b3615b60bb5e007be65cc1c8a50a2fefe9a196a2893d4","/assets/auth-CgIervTw.css":"9fa4e7d844b3e6581ae31f54edfa33c704d33c14d19978a8fd9252f606ac028c","/assets/all-plans-FVf961Xb.css":"fbf5a252aa19de29e8f1cb792ad0e02cb5fa6d16b7e8121f182d54ab87e18f7c","/assets/admin-navigation-CnRaOpIY.js":"c17b621af279906512a8c8006bab577879af16ff10fa0ce77d6fa9e0b83e323e","/assets/activationBlocked-1Va9e8Cf.css":"d42a6d6ee206d97922b1a325664f64980e5ca408b2a869bd508b6a28f87bd267","/assets/activatedCustomers-Dh4SLtwQ.css":"5709ce084580402ab3a805c7fb642dd8d06f01fa6b47b6fd1ae623c36cfc40e2","/assets/admin-Dh1nh-qG.css":"7f56c8666e7f564d6d0c1c1203e25356664ae3cf0e7165c784d0abe8c907d902","/assets/kevza_ai_logo-BQeIIldT.png":"4f6b17185f1de10a208af42a4dc66775886f44316a9ce63a5eb613dcb281fdfc","/assets/kevza inbox img-DTT1q3gM.png":"f95b7eddd155a86956f619702e47b0ca9d35f12f5b292b44d0f322b226bb0310","/assets/whatsapp template banner-BZ6T7Tpj.png":"472b958373167e69bea499af38f230b237ac39d665249ec47ea2c7c8ac80b613"}}
[debug] [2026-09-24T10:49:45.984Z] <<< [apiv2][status] POST https://firebasehosting.googleapis.com/v1beta1/projects/93566088045/sites/kevzaai-crm/versions/1de96bbc70bbdd75:populateFiles 200
[debug] [2026-09-24T10:49:45.985Z] <<< [apiv2][body] POST https://firebasehosting.googleapis.com/v1beta1/projects/93566088045/sites/kevzaai-crm/versions/1de96bbc70bbdd75:populateFiles {"uploadRequiredHashes":["fc51e14ae8b7adff232f6021bee43e7a9b026e157af1325ceeb03528868e733c"],"uploadUrl":"https://upload-firebasehosting.googleapis.com/upload/sites/kevzaai-crm/versions/1de96bbc70bbdd75/files"}
[debug] [2026-09-24T10:49:45.985Z] Checked if tokens are valid: true, expires at: 1790248531456
[debug] [2026-09-24T10:49:45.985Z] Checked if tokens are valid: true, expires at: 1790248531456
[debug] [2026-09-24T10:49:45.986Z] >>> [apiv2][query] POST https://upload-firebasehosting.googleapis.com/upload/sites/kevzaai-crm/versions/1de96bbc70bbdd75/files/fc51e14ae8b7adff232f6021bee43e7a9b026e157af1325ceeb03528868e733c [none]
[debug] [2026-09-24T10:49:45.986Z] >>> [apiv2][body] POST https://upload-firebasehosting.googleapis.com/upload/sites/kevzaai-crm/versions/1de96bbc70bbdd75/files/fc51e14ae8b7adff232f6021bee43e7a9b026e157af1325ceeb03528868e733c [stream]
[debug] [2026-09-24T10:49:45.990Z] [hosting][populate queue][FINAL] {"max":958,"min":958,"avg":958,"active":0,"complete":1,"success":1,"errored":0,"retried":0,"total":1,"elapsed":963}
[debug] [2026-09-24T10:49:45.991Z] [hosting] uploads queued: 1
[info] i  hosting: uploading new files [0/1] (0%) 
[debug] [2026-09-24T10:49:47.920Z] <<< [apiv2][status] POST https://upload-firebasehosting.googleapis.com/upload/sites/kevzaai-crm/versions/1de96bbc70bbdd75/files/fc51e14ae8b7adff232f6021bee43e7a9b026e157af1325ceeb03528868e733c 200
[debug] [2026-09-24T10:49:47.921Z] <<< [apiv2][body] POST https://upload-firebasehosting.googleapis.com/upload/sites/kevzaai-crm/versions/1de96bbc70bbdd75/files/fc51e14ae8b7adff232f6021bee43e7a9b026e157af1325ceeb03528868e733c [stream]
[debug] [2026-09-24T10:49:47.921Z] [hosting][upload queue][FINAL] {"max":1936,"min":1936,"avg":1936,"active":0,"complete":1,"success":1,"errored":0,"retried":0,"total":1,"elapsed":1936}
[info] i  hosting: upload complete 
[info] ✔  hosting[kevzaai-crm]: file upload complete 
[debug] [2026-09-24T10:49:47.923Z] [hosting] deploy completed after 2976ms
[debug] [2026-09-24T10:49:47.924Z] [
  {
    "config": {
      "target": "crm",
      "public": "dist",
      "ignore": [
        "firebase.json",
        "**/.*",
        "**/node_modules/**"
      ],
      "redirects": [
        {
          "source": "/",
          "destination": "/login.html",
          "type": 302
        }
      ],
      "site": "kevzaai-crm"
    },
    "version": "projects/93566088045/sites/kevzaai-crm/versions/1de96bbc70bbdd75"
  }
]
[info] i  hosting[kevzaai-crm]: finalizing version... 
[debug] [2026-09-24T10:49:47.928Z] Checked if tokens are valid: true, expires at: 1790248531456
[debug] [2026-09-24T10:49:47.928Z] Checked if tokens are valid: true, expires at: 1790248531456
[debug] [2026-09-24T10:49:47.929Z] >>> [apiv2][query] PATCH https://firebasehosting.googleapis.com/v1beta1/projects/-/sites/kevzaai-crm/versions/1de96bbc70bbdd75 updateMask=status%2Cconfig
[debug] [2026-09-24T10:49:47.929Z] >>> [apiv2][body] PATCH https://firebasehosting.googleapis.com/v1beta1/projects/-/sites/kevzaai-crm/versions/1de96bbc70bbdd75 {"status":"FINALIZED","config":{"redirects":[{"glob":"/","location":"/login.html","statusCode":302}]}}
[debug] [2026-09-24T10:49:48.785Z] <<< [apiv2][status] PATCH https://firebasehosting.googleapis.com/v1beta1/projects/-/sites/kevzaai-crm/versions/1de96bbc70bbdd75 200
[debug] [2026-09-24T10:49:48.785Z] <<< [apiv2][body] PATCH https://firebasehosting.googleapis.com/v1beta1/projects/-/sites/kevzaai-crm/versions/1de96bbc70bbdd75 {"name":"projects/93566088045/sites/kevzaai-crm/versions/1de96bbc70bbdd75","status":"FINALIZED","config":{"redirects":[{"statusCode":302,"location":"/login.html","glob":"/"}]},"labels":{"deployment-tool":"cli-firebase"},"createTime":"2026-09-24T10:49:44.337109Z","createUser":{"email":"sneha@aimbeat.com"},"finalizeTime":"2026-09-24T10:49:48.612969Z","finalizeUser":{"email":"sneha@aimbeat.com"}}
[debug] [2026-09-24T10:49:48.785Z] [hosting] finalized version for kevzaai-crm:[object Object]
[info] ✔  hosting[kevzaai-crm]: version finalized 
[info] i  hosting[kevzaai-crm]: releasing new version... 
[debug] [2026-09-24T10:49:48.785Z] Checked if tokens are valid: true, expires at: 1790248531456
[debug] [2026-09-24T10:49:48.785Z] Checked if tokens are valid: true, expires at: 1790248531456
[debug] [2026-09-24T10:49:48.785Z] >>> [apiv2][query] POST https://firebasehosting.googleapis.com/v1beta1/projects/-/sites/kevzaai-crm/channels/live/releases versionName=projects%2F93566088045%2Fsites%2Fkevzaai-crm%2Fversions%2F1de96bbc70bbdd75
[debug] [2026-09-24T10:49:48.786Z] >>> [apiv2][body] POST https://firebasehosting.googleapis.com/v1beta1/projects/-/sites/kevzaai-crm/channels/live/releases {}
[debug] [2026-09-24T10:49:49.829Z] <<< [apiv2][status] POST https://firebasehosting.googleapis.com/v1beta1/projects/-/sites/kevzaai-crm/channels/live/releases 200
[debug] [2026-09-24T10:49:49.829Z] <<< [apiv2][body] POST https://firebasehosting.googleapis.com/v1beta1/projects/-/sites/kevzaai-crm/channels/live/releases {"name":"projects/93566088045/sites/kevzaai-crm/channels/live/releases/1790246988933000","version":{"name":"projects/93566088045/sites/kevzaai-crm/versions/1de96bbc70bbdd75","status":"FINALIZED","config":{"redirects":[{"statusCode":302,"location":"/login.html","glob":"/"}]},"labels":{"deployment-tool":"cli-firebase"},"createTime":"2026-09-24T10:49:44.337109Z","createUser":{"email":"sneha@aimbeat.com","imageUrl":"https://lh3.googleusercontent.com/a/ACg8ocLCtHl-NOtep31E_4cJBXjFzAEPLOARuhJksRKocm9-Fn5POLs"},"finalizeTime":"2026-09-24T10:49:48.612969Z","finalizeUser":{"email":"sneha@aimbeat.com","imageUrl":"https://lh3.googleusercontent.com/a/ACg8ocLCtHl-NOtep31E_4cJBXjFzAEPLOARuhJksRKocm9-Fn5POLs"}},"type":"DEPLOY","releaseTime":"2026-09-24T10:49:48.933Z","releaseUser":{"email":"sneha@aimbeat.com","imageUrl":"https://lh3.googleusercontent.com/a/ACg8ocLCtHl-NOtep31E_4cJBXjFzAEPLOARuhJksRKocm9-Fn5POLs"}}
[debug] [2026-09-24T10:49:49.829Z] [hosting] release: {"name":"projects/93566088045/sites/kevzaai-crm/channels/live/releases/1790246988933000","version":{"name":"projects/93566088045/sites/kevzaai-crm/versions/1de96bbc70bbdd75","status":"FINALIZED","config":{"redirects":[{"statusCode":302,"location":"/login.html","glob":"/"}]},"labels":{"deployment-tool":"cli-firebase"},"createTime":"2026-09-24T10:49:44.337109Z","createUser":{"email":"sneha@aimbeat.com","imageUrl":"https://lh3.googleusercontent.com/a/ACg8ocLCtHl-NOtep31E_4cJBXjFzAEPLOARuhJksRKocm9-Fn5POLs"},"finalizeTime":"2026-09-24T10:49:48.612969Z","finalizeUser":{"email":"sneha@aimbeat.com","imageUrl":"https://lh3.googleusercontent.com/a/ACg8ocLCtHl-NOtep31E_4cJBXjFzAEPLOARuhJksRKocm9-Fn5POLs"}},"type":"DEPLOY","releaseTime":"2026-09-24T10:49:48.933Z","releaseUser":{"email":"sneha@aimbeat.com","imageUrl":"https://lh3.googleusercontent.com/a/ACg8ocLCtHl-NOtep31E_4cJBXjFzAEPLOARuhJksRKocm9-Fn5POLs"}}
[info] ✔  hosting[kevzaai-crm]: release complete 
[info] 
[info] ✔  Deploy complete! 
[info] 
[info] Project Console: https://console.firebase.google.com/project/kevzaai-saas/overview
[info] Hosting URL: https://kevzaai-crm.web.app
